ps:1633757:1633930 [0] NCCL INFO ProxyCall UDS comm 0x308a19f0 rank 0 tpRank 1(b64506ac51e33fb1) reqSize 8 respSize 0 respFd 84 opId 0x28b635ea59151920 - DONE
ps:1633757:1633930 [0] NCCL INFO UDS: ClientGetFd handle 0x702a20016c90 tpRank 1 returned fd 84 sameProcess 0
ps:1633757:1633930 [0] NCCL INFO CUMEM imported shareable host buffer from proxyRank 1 size 4096 ptr 0x7e8c4bc00000, granularity 2097152
ps:1633758:1633931 [1] NCCL INFO CUMEM imported shareable host buffer from proxyRank 0 size 9637888 ptr 0x702a7fa00000, granularity 2097152
ps:1633758:1633931 [1] NCCL INFO ProxyCall UDS comm 0x1f13cf30 rank 1 tpRank 0(da133272ecd0e3f9) reqSize 8 respSize 0 respFd 0x702a6fffea20 opId 0x63ad6d2b226d442f
ps:1633757:1633928 [0] NCCL INFO proxyUDSRecvReq::ncclProxyMsgGetFd rank 1 opId 0x63ad6d2b226d442f handle=0x7e8bec012700
ps:1633757:1633928 [0] NCCL INFO UDS proxyGetFd received handle 0x7e8bec012700 peer 1 opId 63ad6d2b226d442f
ps:1633758:1633931 [1] NCCL INFO ProxyCall UDS comm 0x1f13cf30 rank 1 tpRank 0(da133272ecd0e3f9) reqSize 8 respSize 0 respFd 84 opId 0x63ad6d2b226d442f - DONE
ps:1633758:1633931 [1] NCCL INFO UDS: ClientGetFd handle 0x7e8bec012700 tpRank 0 returned fd 84 sameProcess 0
ps:1633758:1633931 [1] NCCL INFO CUMEM imported shareable host buffer from proxyRank 0 size 4096 ptr 0x702a80400000, granularity 2097152
ps:1633758:1633931 [1] NCCL INFO ProxyCall UDS comm 0x1f13cf30 rank 1 tpRank 0(da133272ecd0e3f9) reqSize 8 respSize 0 respFd 0x702a6fffea20 opId 0x12fd382c158193ff
ps:1633757:1633928 [0] NCCL INFO proxyUDSRecvReq::ncclProxyMsgGetFd rank 1 opId 0x12fd382c158193ff handle=0x7e8bec00cc50
ps:1633757:1633928 [0] NCCL INFO UDS proxyGetFd received handle 0x7e8bec00cc50 peer 1 opId 12fd382c158193ff
ps:1633758:1633931 [1] NCCL INFO ProxyCall UDS comm 0x1f13cf30 rank 1 tpRank 0(da133272ecd0e3f9) reqSize 8 respSize 0 respFd 84 opId 0x12fd382c158193ff - DONE
ps:1633758:1633931 [1] NCCL INFO UDS: ClientGetFd handle 0x7e8bec00cc50 tpRank 0 returned fd 84 sameProcess 0
ps:1633758:1633931 [1] NCCL INFO CUMEM imported shareable host buffer from proxyRank 0 size 9637888 ptr 0x702a80600000, granularity 2097152
ps:1633758:1633931 [1] NCCL INFO ProxyCall UDS comm 0x1f13cf30 rank 1 tpRank 0(da133272ecd0e3f9) reqSize 8 respSize 0 respFd 0x702a6fffea20 opId 0xf0bea17ac87eeffe
ps:1633757:1633928 [0] NCCL INFO proxyUDSRecvReq::ncclProxyMsgGetFd rank 1 opId 0xf0bea17ac87eeffe handle=0x7e8bec014530
ps:1633757:1633928 [0] NCCL INFO UDS proxyGetFd received handle 0x7e8bec014530 peer 1 opId f0bea17ac87eeffe
ps:1633758:1633931 [1] NCCL INFO ProxyCall UDS comm 0x1f13cf30 rank 1 tpRank 0(da133272ecd0e3f9) reqSize 8 respSize 0 respFd 84 opId 0xf0bea17ac87eeffe - DONE
ps:1633758:1633931 [1] NCCL INFO UDS: ClientGetFd handle 0x7e8bec014530 tpRank 0 returned fd 84 sameProcess 0
ps:1633758:1633931 [1] NCCL INFO CUMEM imported shareable host buffer from proxyRank 0 size 4096 ptr 0x702a81000000, granularity 2097152
ps:1633758:1633931 [1] NCCL INFO ProxyCall UDS comm 0x1f13cf30 rank 1 tpRank 0(da133272ecd0e3f9) reqSize 8 respSize 0 respFd 0x702a6fffea20 opId 0x3fa1951f39664593
ps:1633757:1633928 [0] NCCL INFO proxyUDSRecvReq::ncclProxyMsgGetFd rank 1 opId 0x3fa1951f39664593 handle=0x7e8bec00eaa0
ps:1633757:1633928 [0] NCCL INFO UDS proxyGetFd received handle 0x7e8bec00eaa0 peer 1 opId 3fa1951f39664593
ps:1633758:1633931 [1] NCCL INFO ProxyCall UDS comm 0x1f13cf30 rank 1 tpRank 0(da133272ecd0e3f9) reqSize 8 respSize 0 respFd 84 opId 0x3fa1951f39664593 - DONE
ps:1633758:1633931 [1] NCCL INFO UDS: ClientGetFd handle 0x7e8bec00eaa0 tpRank 0 returned fd 84 sameProcess 0
ps:1633758:1633931 [1] NCCL INFO CUMEM imported shareable host buffer from proxyRank 0 size 9637888 ptr 0x702a81200000, granularity 2097152
ps:1633758:1633931 [1] NCCL INFO ProxyCall UDS comm 0x1f13cf30 rank 1 tpRank 0(da133272ecd0e3f9) reqSize 8 respSize 0 respFd 0x702a6fffea20 opId 0x813de98867f48681
ps:1633757:1633928 [0] NCCL INFO proxyUDSRecvReq::ncclProxyMsgGetFd rank 1 opId 0x813de98867f48681 handle=0x7e8bec016360
ps:1633757:1633928 [0] NCCL INFO UDS proxyGetFd received handle 0x7e8bec016360 peer 1 opId 813de98867f48681
ps:1633758:1633931 [1] NCCL INFO ProxyCall UDS comm 0x1f13cf30 rank 1 tpRank 0(da133272ecd0e3f9) reqSize 8 respSize 0 respFd 84 opId 0x813de98867f48681 - DONE
ps:1633758:1633931 [1] NCCL INFO UDS: ClientGetFd handle 0x7e8bec016360 tpRank 0 returned fd 84 sameProcess 0
ps:1633758:1633931 [1] NCCL INFO CUMEM imported shareable host buffer from proxyRank 0 size 4096 ptr 0x702a81c00000, granularity 2097152
ps:1633758:1633931 [1] NCCL INFO Connected all rings, use ring PXN 0 GDR 1
ps:1633757:1633930 [0] NCCL INFO Connected all rings, use ring PXN 0 GDR 1
ps:1633757:1633757 [0] NCCL INFO AllReduce: 4 Bytes -> Algo RING proto LL channel{Lo..Hi}={0..0}
Using a different number of positional encodings than DINOv2, which means we're not loading DINOv2 backbone weights. This is not a problem if finetuning a pretrained RF-DETR model.
Using patch size 16 instead of 14, which means we're not loading DINOv2 backbone weights. This is not a problem if finetuning a pretrained RF-DETR model.
scale_factors: [1.0, 0.5, 0.25]
select_mode: 2
Loading pretrain weights
Warning: 20 mismatched parameters, using random init:
  - backbone.0.multi_bifusion.ff1.hamming_lowpass
  - backbone.0.multi_bifusion.ff1.hamming_highpass
  - backbone.0.multi_bifusion.ff1.hr_channel_compressor.weight
  - backbone.0.multi_bifusion.ff1.hr_channel_compressor.bias
  - backbone.0.multi_bifusion.ff1.lr_channel_compressor.weight
  ... and 15 more
num_classes mismatch: model has 90 classes, but your dataset has 3 classes
reinitializing your detection head with 3 classes.
ps:1633758:1633758 [1] NCCL INFO AllReduce: opCount 0 sendbuff 0x702a7bc00000 recvbuff 0x702a7bc00000 count 1 datatype 7 op 0 root 0 comm 0x1f13cf30 [nranks=2] stream (nil)
==================================================
dino_encoder : <class 'rfdetr.models.backbone.backbone.Backbone'>
dino_encoder : 398
dino_encoder : 34.00M
==================================================
core_model : 45.48M
==================================================
: 0
: 0.00M
1 - encoder: 11.48M
num_classes mismatch: model has 90 classes, but your dataset has 3 classes
reinitializing your detection head with 3 classes.
TensorBoard logging initialized. To monitor logs, use 'tensorboard --logdir /home/cobot/github_code/RF-DETR-Dinov3/output/dinov3/medium_bs:8*2_shen_LR:0.00045_0.0001_randomdecoder_P4 P5 P6_2_dec_rope_fdam_0' and open http://localhost:6006/ in browser.
| distributed init (rank 0): env://
| distributed process group already initialized, skipping
ps:1633757:1633757 [0] NCCL INFO AllReduce: opCount 0 sendbuff 0x7e8c45c00000 recvbuff 0x7e8c45c00000 count 1 datatype 7 op 0 root 0 comm 0x308a19f0 [nranks=2] stream (nil)
ps:1633757:1633757 [0] NCCL INFO AllReduce: 4 Bytes -> Algo RING proto LL channel{Lo..Hi}={0..0}
ps:1633758:1633758 [1] NCCL INFO AllGather: opCount 0 sendbuff 0x702a7bc00000 recvbuff 0x702a381ffe00 count 1 datatype 4 op 0 root 0 comm 0x1f13cf30 [nranks=2] stream 0x124db9b0
ps:1633757:1633757 [0] NCCL INFO AllGather: opCount 0 sendbuff 0x7e8c45c00000 recvbuff 0x7e8c041ffe00 count 1 datatype 4 op 0 root 0 comm 0x308a19f0 [nranks=2] stream 0x23c5e7b0
ps:1633757:1633757 [0] NCCL INFO AllGather: 8 Bytes -> Algo RING proto LL channel{Lo..Hi}={0..0}
ps:1633758:1633758 [1] NCCL INFO Broadcast: opCount 0 sendbuff 0x702a37df2c00 recvbuff 0x702a37df2c00 count 1794 datatype 4 op 0 root 0 comm 0x1f13cf30 [nranks=2] stream 0x124db9b0
ps:1633757:1633757 [0] NCCL INFO Broadcast: opCount 0 sendbuff 0x7e8c03df2c00 recvbuff 0x7e8c03df2c00 count 1794 datatype 4 op 0 root 0 comm 0x308a19f0 [nranks=2] stream 0x23c5e7b0
ps:1633757:1633757 [0] NCCL INFO Broadcast: 14352 Bytes -> Algo RING proto LL channel{Lo..Hi}={0..0}
ps:1633758:1633758 [1] NCCL INFO Broadcast: opCount 0 sendbuff 0x702a38c00000 recvbuff 0x702a38c00000 count 45179690 datatype 7 op 0 root 0 comm 0x1f13cf30 [nranks=2] stream 0x124db9b0
ps:1633758:1633758 [1] NCCL INFO Broadcast: opCount 0 sendbuff 0x702a7bc00000 recvbuff 0x702a7bc00000 count 9 datatype 4 op 0 root 0 comm 0x1f13cf30 [nranks=2] stream 0x124db9b0
ps:1633757:1633757 [0] NCCL INFO Broadcast: opCount 0 sendbuff 0x7e8c04c00000 recvbuff 0x7e8c04c00000 count 45179690 datatype 7 op 0 root 0 comm 0x308a19f0 [nranks=2] stream 0x23c5e7b0
ps:1633757:1633757 [0] NCCL INFO Broadcast: 180718760 Bytes -> Algo RING proto SIMPLE channel{Lo..Hi}={0..3}
ps:1633757:1633757 [0] NCCL INFO Broadcast: opCount 0 sendbuff 0x7e8c45c00000 recvbuff 0x7e8c45c00000 count 9 datatype 4 op 0 root 0 comm 0x308a19f0 [nranks=2] stream 0x23c5e7b0
ps:1633757:1633757 [0] NCCL INFO Broadcast: 72 Bytes -> Algo RING proto LL channel{Lo..Hi}={0..0}
number of params: 45162070
[480]
loading annotations into memory...
Done (t=0.01s)
creating index...
index created!
[480]
loading annotations into memory...
Done (t=0.00s)
creating index...
index created!
[480]
loading annotations into memory...
Done (t=0.00s)
creating index...
index created!
Get benchmark
Start training
Grad accum steps:  2
Total batch size:  32
LENGTH OF DATA LOADER: 154
[rank1]: Traceback (most recent call last):
[rank1]:   File "/home/cobot/github_code/RF-DETR-Dinov3/train_dinov3.py", line 155, in <module>
[rank1]:     model.train(
[rank1]:   File "/home/cobot/github_code/RF-DETR-Dinov3/rfdetr/detr.py", line 84, in train
[rank1]:     self.train_from_config(config, **kwargs)
[rank1]:   File "/home/cobot/github_code/RF-DETR-Dinov3/rfdetr/detr.py", line 198, in train_from_config
[rank1]:     self.model.train(
[rank1]:   File "/home/cobot/github_code/RF-DETR-Dinov3/rfdetr/main.py", line 384, in train
[rank1]:     train_stats = train_one_epoch(
[rank1]:                   ^^^^^^^^^^^^^^^^
[rank1]:   File "/home/cobot/github_code/RF-DETR-Dinov3/rfdetr/engine.py", line 88, in train_one_epoch
[rank1]:     for data_iter_step, (samples, targets) in enumerate(
[rank1]:   File "/home/cobot/github_code/RF-DETR-Dinov3/rfdetr/util/misc.py", line 239, in log_every
[rank1]:     for obj in iterable:
[rank1]:   File "/home/cobot/anaconda3/envs/rf-1/lib/python3.11/site-packages/torch/utils/data/dataloader.py", line 734, in __next__
[rank1]:     data = self._next_data()
[rank1]:            ^^^^^^^^^^^^^^^^^
[rank1]:   File "/home/cobot/anaconda3/envs/rf-1/lib/python3.11/site-packages/torch/utils/data/dataloader.py", line 1492, in _next_data
[rank1]:     idx, data = self._get_data()
[rank1]:                 ^^^^^^^^^^^^^^^^
[rank1]:   File "/home/cobot/anaconda3/envs/rf-1/lib/python3.11/site-packages/torch/utils/data/dataloader.py", line 1454, in _get_data
[rank1]:     success, data = self._try_get_data()
[rank1]:                     ^^^^^^^^^^^^^^^^^^^^
[rank1]:   File "/home/cobot/anaconda3/envs/rf-1/lib/python3.11/site-packages/torch/utils/data/dataloader.py", line 1285, in _try_get_data
[rank1]:     data = self._data_queue.get(timeout=timeout)
[rank1]:            ^^^^^^^^^^^^^^^^^^^^^^^^^^^^^^^^^^^^^
[rank1]:   File "/home/cobot/anaconda3/envs/rf-1/lib/python3.11/multiprocessing/queues.py", line 122, in get
[rank1]:     return _ForkingPickler.loads(res)
[rank1]:            ^^^^^^^^^^^^^^^^^^^^^^^^^^
[rank1]:   File "/home/cobot/anaconda3/envs/rf-1/lib/python3.11/site-packages/torch/multiprocessing/reductions.py", line 541, in rebuild_storage_fd
[rank1]:     fd = df.detach()
[rank1]:          ^^^^^^^^^^^
[rank1]:   File "/home/cobot/anaconda3/envs/rf-1/lib/python3.11/multiprocessing/resource_sharer.py", line 58, in detach
[rank1]:     return reduction.recv_handle(conn)
[rank1]:            ^^^^^^^^^^^^^^^^^^^^^^^^^^^
[rank1]:   File "/home/cobot/anaconda3/envs/rf-1/lib/python3.11/multiprocessing/reduction.py", line 189, in recv_handle
[rank1]:     return recvfds(s, 1)[0]
[rank1]:            ^^^^^^^^^^^^^
[rank1]:   File "/home/cobot/anaconda3/envs/rf-1/lib/python3.11/multiprocessing/reduction.py", line 164, in recvfds
[rank1]:     raise RuntimeError('received %d items of ancdata' %
[rank1]: RuntimeError: received 0 items of ancdata
ps:1633757:1633757 [0] NCCL INFO Broadcast: opCount 0 sendbuff 0x7e8c4c7d6000 recvbuff 0x7e8c4c7d6000 count 17620 datatype 7 op 0 root 0 comm 0x308a19f0 [nranks=2] stream 0x23c5e7b0
ps:1633757:1633757 [0] NCCL INFO Broadcast: 70480 Bytes -> Algo RING proto LL channel{Lo..Hi}={0..3}
ps:1633757:1633757 [0] NCCL INFO Broadcast: opCount 0 sendbuff 0x7e8c4c7e7400 recvbuff 0x7e8c4c7e7400 count 9 datatype 4 op 0 root 0 comm 0x308a19f0 [nranks=2] stream 0x23c5e7b0
ps:1633757:1633757 [0] NCCL INFO Broadcast: 72 Bytes -> Algo RING proto LL channel{Lo..Hi}={0..0}
ps:1633758:1634138 [1] NCCL INFO socketProgressOpt: abort called
ps:1633757:1633927 [0] NCCL INFO Received and initiated operation=Close res=0
ps:1633758:1634138 [1] NCCL INFO misc/socket.cc:64 -> 3
ps:1633758:1634138 [1] NCCL INFO misc/socket.cc:81 -> 3
ps:1633758:1634138 [1] NCCL INFO misc/socket.cc:863 -> 3
ps:1633758:1634138 [1] NCCL INFO socketProgressOpt: abort called
ps:1633758:1634138 [1] NCCL INFO misc/socket.cc:64 -> 3
ps:1633758:1634138 [1] NCCL INFO misc/socket.cc:81 -> 3
ps:1633758:1634138 [1] NCCL INFO misc/socket.cc:863 -> 3
ps:1633758:1633925 [1] NCCL INFO socketProgressOpt: abort called
ps:1633758:1633925 [1] NCCL INFO misc/socket.cc:915 -> 3
ps:1633757:1633757 [0] NCCL INFO AllGather: opCount 0 sendbuff 0x7e8c4c5ff000 recvbuff 0x7e8c4c5ff400 count 129 datatype 7 op 0 root 0 comm 0x308a19f0 [nranks=2] stream (nil)
ps:1633757:1633757 [0] NCCL INFO AllGather: 516 Bytes -> Algo RING proto LL channel{Lo..Hi}={0..0}
ps:1633758:1633926 [1] NCCL INFO [Proxy Service UDS] exit: stop 1 abortFlag 1
ps:1633758:1634138 [1] NCCL INFO comm 0x1f13cf30 rank 1 nranks 2 cudaDev 1 busId d8000 - Abort COMPLETE
ps:1633758:1633923 [0] NCCL INFO RAS handling local termination request
ps:1633758:1633923 [0] NCCL INFO RAS terminating a connection with 192.168.10.16<44467>
ps:1633758:1633923 [0] NCCL INFO RAS thread terminating
ps:1633757:1633924 [0] NCCL INFO RAS current socket connection with 192.168.10.16<43029> closed by peer on receive; terminating it
W1024 17:08:16.710000 1633660 site-packages/torch/distributed/elastic/multiprocessing/api.py:900] Sending process 1633757 closing signal SIGTERM
E1024 17:08:16.713000 1633660 site-packages/torch/distributed/elastic/multiprocessing/api.py:874] failed (exitcode: 1) local_rank: 1 (pid: 1633758) of binary: /home/cobot/anaconda3/envs/rf-1/bin/python3.11
Traceback (most recent call last):
  File "/home/cobot/anaconda3/envs/rf-1/bin/torchrun", line 8, in <module>
    sys.exit(main())
             ^^^^^^
  File "/home/cobot/anaconda3/envs/rf-1/lib/python3.11/site-packages/torch/distributed/elastic/multiprocessing/errors/__init__.py", line 357, in wrapper
    return f(*args, **kwargs)
           ^^^^^^^^^^^^^^^^^^
  File "/home/cobot/anaconda3/envs/rf-1/lib/python3.11/site-packages/torch/distributed/run.py", line 901, in main
    run(args)
  File "/home/cobot/anaconda3/envs/rf-1/lib/python3.11/site-packages/torch/distributed/run.py", line 892, in run
    elastic_launch(
  File "/home/cobot/anaconda3/envs/rf-1/lib/python3.11/site-packages/torch/distributed/launcher/api.py", line 143, in __call__
    return launch_agent(self._config, self._entrypoint, list(args))
           ^^^^^^^^^^^^^^^^^^^^^^^^^^^^^^^^^^^^^^^^^^^^^^^^^^^^^^^^
  File "/home/cobot/anaconda3/envs/rf-1/lib/python3.11/site-packages/torch/distributed/launcher/api.py", line 277, in launch_agent
    raise ChildFailedError(
torch.distributed.elastic.multiprocessing.errors.ChildFailedError: 
============================================================
train_dinov3.py FAILED
------------------------------------------------------------
Failures:
  <NO_OTHER_FAILURES>
------------------------------------------------------------
Root Cause (first observed failure):
[0]:
  time      : 2025-10-24_17:08:16
  host      : ps.ps
  rank      : 1 (local_rank: 1)
  exitcode  : 1 (pid: 1633758)
  error_file: <N/A>
  traceback : To enable traceback see: https://pytorch.org/docs/stable/elastic/errors.html
============================================================